{
    "sdklinter": {
        "filePath": "entry/src/main/ets/pages/cases/#13912.ets",
        "defects": []
    }
}