{
    "sdklinter": {
        "filePath": "entry/src/main/ets/pages/cases/#13987.ets",
        "defects": [
            {
                "origin": "ERROR: ArkTS:ERROR File: /entry/src/main/ets/pages/cases/#13987.ets:2:5\n Use explicit types instead of \"any\", \"unknown\" (arkts-no-any-unknown)\n\n",
                "severity": 2,
                "reportLine": 2,
                "reportColumn": 5,
                "description": "Use explicit types instead of \"any\", \"unknown\" (arkts-no-any-unknown)"
            }
        ]
    }
}