{
    "sdklinter": {
        "filePath": "entry/src/main/ets/pages/cases/#14071.ets",
        "defects": [
            {
                "origin": "ERROR: ArkTS:ERROR File: /entry/src/main/ets/pages/cases/#14071.ets:6:5\n Indexed access is not supported for fields (arkts-no-props-by-index)\n\n",
                "severity": 2,
                "reportLine": 6,
                "reportColumn": 5,
                "description": "Indexed access is not supported for fields (arkts-no-props-by-index)"
            },
            {
                "origin": "ERROR: ArkTS:ERROR File: /entry/src/main/ets/pages/cases/#14071.ets:10:12\n Indexed access is not supported for fields (arkts-no-props-by-index)\n\n",
                "severity": 2,
                "reportLine": 10,
                "reportColumn": 12,
                "description": "Indexed access is not supported for fields (arkts-no-props-by-index)"
            }
        ]
    }
}