{
    "sdklinter": {
        "filePath": "entry/src/main/ets/pages/cases/#16263.ets",
        "defects": [
            {
                "origin": "ERROR: ArkTS:ERROR File: /entry/src/main/ets/pages/cases/#16263.ets:5:3\n Definite assignment assertion in not allowed in \"Sendable\" classes (arkts-sendable-definite-assignment)\n\n",
                "severity": 2,
                "reportLine": 5,
                "reportColumn": 3,
                "description": "Definite assignment assertion in not allowed in \"Sendable\" classes (arkts-sendable-definite-assignment)"
            }
        ]
    }
}