{
    "sdklinter": {
        "filePath": "entry/src/main/ets/pages/cookbook/2.2.ets",
        "defects": [
            {
                "origin": "ERROR: ArkTS:ERROR File: /entry/src/main/ets/pages/cookbook/2.2.ets:5:8\n Argument of type 'null' is not assignable to parameter of type 'string'.\n\n",
                "severity": 2,
                "reportLine": 5,
                "reportColumn": 8,
                "description": "Argument of type 'null' is not assignable to parameter of type 'string'."
            }
        ]
    }
}