{
    "sdklinter": {
        "filePath": "entry/src/main/ets/pages/cookbook/3.1.ets",
        "defects": [
            {
                "origin": "ERROR: ArkTS:ERROR File: /entry/src/main/ets/pages/cookbook/3.1.ets:3:3\n Use \"let\" instead of \"var\" (arkts-no-var)\n\n",
                "severity": 2,
                "reportLine": 3,
                "reportColumn": 3,
                "description": "Use \"let\" instead of \"var\" (arkts-no-var)"
            }
        ]
    }
}