{
    "sdklinter": {
        "filePath": "entry/src/main/ets/pages/cookbook/5.22.ets",
        "defects": [
            {
                "origin": "ERROR: ArkTS:ERROR File: /entry/src/main/ets/pages/cookbook/5.22.ets:1:8\n Object literals cannot be used as type declarations (arkts-no-obj-literals-as-types)\n\n",
                "severity": 2,
                "reportLine": 1,
                "reportColumn": 8,
                "description": "Object literals cannot be used as type declarations (arkts-no-obj-literals-as-types)"
            },
            {
                "origin": "ERROR: ArkTS:ERROR File: /entry/src/main/ets/pages/cookbook/5.22.ets:1:33\n Object literal must correspond to some explicitly declared class or interface (arkts-no-untyped-obj-literals)\n\n",
                "severity": 2,
                "reportLine": 1,
                "reportColumn": 33,
                "description": "Object literal must correspond to some explicitly declared class or interface (arkts-no-untyped-obj-literals)"
            },
            {
                "origin": "ERROR: ArkTS:ERROR File: /entry/src/main/ets/pages/cookbook/5.22.ets:6:14\n Object literals cannot be used as type declarations (arkts-no-obj-literals-as-types)\n\n",
                "severity": 2,
                "reportLine": 6,
                "reportColumn": 14,
                "description": "Object literals cannot be used as type declarations (arkts-no-obj-literals-as-types)"
            }
        ]
    }
}