{
    "sdklinter": {
        "filePath": "entry/src/main/ets/pages/cookbook/5.29.ets",
        "defects": [
            {
                "origin": "ERROR: ArkTS:ERROR File: /entry/src/main/ets/pages/cookbook/5.29.ets:7:10\n Only \"as T\" syntax is supported for type casts (arkts-as-casts)\n\n",
                "severity": 2,
                "reportLine": 7,
                "reportColumn": 10,
                "description": "Only \"as T\" syntax is supported for type casts (arkts-as-casts)"
            },
            {
                "origin": "ERROR: ArkTS:ERROR File: /entry/src/main/ets/pages/cookbook/5.29.ets:11:11\n Only \"as T\" syntax is supported for type casts (arkts-as-casts)\n\n",
                "severity": 2,
                "reportLine": 11,
                "reportColumn": 11,
                "description": "Only \"as T\" syntax is supported for type casts (arkts-as-casts)"
            }
        ]
    }
}