{
    "sdklinter": {
        "filePath": "entry/src/main/ets/pages/cookbook/5.56.ets",
        "defects": [
            {
                "origin": "ERROR: ArkTS:ERROR File: /entry/src/main/ets/pages/cookbook/5.56.ets:1:1\n \"enum\" declaration merging is not supported (arkts-no-enum-merging)\n\n",
                "severity": 2,
                "reportLine": 1,
                "reportColumn": 1,
                "description": "\"enum\" declaration merging is not supported (arkts-no-enum-merging)"
            },
            {
                "origin": "ERROR: ArkTS:ERROR File: /entry/src/main/ets/pages/cookbook/5.56.ets:5:1\n \"enum\" declaration merging is not supported (arkts-no-enum-merging)\n\n",
                "severity": 2,
                "reportLine": 5,
                "reportColumn": 1,
                "description": "\"enum\" declaration merging is not supported (arkts-no-enum-merging)"
            },
            {
                "origin": "ERROR: ArkTS:ERROR File: /entry/src/main/ets/pages/cookbook/5.56.ets:8:1\n \"enum\" declaration merging is not supported (arkts-no-enum-merging)\n\n",
                "severity": 2,
                "reportLine": 8,
                "reportColumn": 1,
                "description": "\"enum\" declaration merging is not supported (arkts-no-enum-merging)"
            }
        ]
    }
}