{
    "sdklinter": {
        "filePath": "entry/src/main/ets/pages/cookbook/5.57.ets",
        "defects": [
            {
                "origin": "ERROR: ArkTS:ERROR File: /entry/src/main/ets/pages/cookbook/5.57.ets:5:9\n Namespaces cannot be used as objects (arkts-no-ns-as-obj)\n\n",
                "severity": 2,
                "reportLine": 5,
                "reportColumn": 9,
                "description": "Namespaces cannot be used as objects (arkts-no-ns-as-obj)"
            }
        ]
    }
}