{
    "sdklinter": {
        "filePath": "entry/src/main/ets/pages/cookbook/5.58.ets",
        "defects": [
            {
                "origin": "ERROR: ArkTS:ERROR File: /entry/src/main/ets/pages/cookbook/5.58.ets:4:3\n Non-declaration statements in namespaces are not supported (single semicolons are considered as empty non-delcaration statements) (arkts-no-ns-statements)\n\n",
                "severity": 2,
                "reportLine": 4,
                "reportColumn": 3,
                "description": "Non-declaration statements in namespaces are not supported (single semicolons are considered as empty non-delcaration statements) (arkts-no-ns-statements)"
            }
        ]
    }
}