{
    "sdklinter": {
        "filePath": "entry/src/main/ets/pages/cookbook/attached/5.61.2_attached1.ets",
        "defects": [
            {
                "origin": "ERROR: ArkTS:ERROR File: /entry/src/main/ets/pages/cookbook/attached/5.61.2_attached1.ets:1:1\n \"export = ...\" assignment is not supported (arkts-no-export-assignment)\n\n",
                "severity": 2,
                "reportLine": 1,
                "reportColumn": 1,
                "description": "\"export = ...\" assignment is not supported (arkts-no-export-assignment)"
            },
            {
                "origin": "ERROR: ArkTS:ERROR File: /entry/src/main/ets/pages/cookbook/attached/5.61.2_attached1.ets:1:1\n Export assignment cannot be used when targeting ECMAScript modules. Consider using 'export default' or another module format instead.\n\n",
                "severity": 2,
                "reportLine": 1,
                "reportColumn": 1,
                "description": "Export assignment cannot be used when targeting ECMAScript modules. Consider using 'export default' or another module format instead."
            }
        ]
    }
}