{
    "sdklinter": {
        "filePath": "entry/src/main/ets/pages/cookbook/5.61.3.ets",
        "defects": []
    }
}