{
    "sdklinter": {
        "filePath": "entry/src/main/ets/pages/cookbook/5.65.2.ets",
        "defects": [
            {
                "origin": "ERROR: ArkTS:ERROR File: /entry/src/main/ets/pages/cookbook/5.65.2.ets:2:1\n Cannot find name 'mathLib'.\n\n",
                "severity": 2,
                "reportLine": 2,
                "reportColumn": 1,
                "description": "Cannot find name 'mathLib'."
            }
        ]
    }
}