{
    "sdklinter": {
        "filePath": "entry/src/main/ets/pages/cookbook/5.79.ets",
        "defects": [
            {
                "origin": "ERROR: ArkTS:ERROR File: /entry/src/main/ets/pages/cookbook/5.79.ets:2:28\n Use explicit types instead of \"any\", \"unknown\" (arkts-no-any-unknown)\n\n",
                "severity": 2,
                "reportLine": 2,
                "reportColumn": 28,
                "description": "Use explicit types instead of \"any\", \"unknown\" (arkts-no-any-unknown)"
            },
            {
                "origin": "ERROR: ArkTS:ERROR File: /entry/src/main/ets/pages/cookbook/5.79.ets:2:36\n Use explicit types instead of \"any\", \"unknown\" (arkts-no-any-unknown)\n\n",
                "severity": 2,
                "reportLine": 2,
                "reportColumn": 36,
                "description": "Use explicit types instead of \"any\", \"unknown\" (arkts-no-any-unknown)"
            },
            {
                "origin": "ERROR: ArkTS:ERROR File: /entry/src/main/ets/pages/cookbook/5.79.ets:5:1\n Unable to resolve signature of class decorator when called as an expression.\n\n",
                "severity": 2,
                "reportLine": 5,
                "reportColumn": 1,
                "description": "Unable to resolve signature of class decorator when called as an expression."
            }
        ]
    }
}