{
    "sdklinter": {
        "filePath": "entry/src/main/ets/pages/cookbook/5.8.ets",
        "defects": [
            {
                "origin": "ERROR: ArkTS:ERROR File: /entry/src/main/ets/pages/cookbook/5.8.ets:4:24\n Object literals cannot be used as type declarations (arkts-no-obj-literals-as-types)\n\n",
                "severity": 2,
                "reportLine": 4,
                "reportColumn": 24,
                "description": "Object literals cannot be used as type declarations (arkts-no-obj-literals-as-types)"
            },
            {
                "origin": "ERROR: ArkTS:ERROR File: /entry/src/main/ets/pages/cookbook/5.8.ets:5:3\n Use \"class\" instead of a type with constructor signature (arkts-no-ctor-signatures-type)\n\n",
                "severity": 2,
                "reportLine": 5,
                "reportColumn": 3,
                "description": "Use \"class\" instead of a type with constructor signature (arkts-no-ctor-signatures-type)"
            }
        ]
    }
}